// Jest Snapshot v1, https://goo.gl/fbAQLP

exports[`Render Main 1`] = `
<main>
  <div
    style={
      Object {
        "margin": "1em auto",
        "maxWidth": 960,
        "minHeight": 500,
        "padding": "0px 1.0875rem 1.45rem",
        "paddingTop": 0,
      }
    }
  >
    Hello Jest!
  </div>
</main>
`;
